<?xml version="1.0"?>
<testsuite name="HeadlessChrome 0.0.0 (Linux 0.0.0)" package="" timestamp="2022-05-12T11:08:23" id="0" hostname="ubuntu" tests="19" errors="0" failures="0" time="0.009">
  <properties>
    <property name="browser.fullName" value="Mozilla/5.0 (X11; Linux x86_64) AppleWebKit/537.36 (KHTML, like Gecko) HeadlessChrome/100.0.4896.75 Safari/537.36"/>
  </properties>
  <testcase name="appTests DOM node for book 102 should contain correct number of reviews" time="0.001" classname="appTests"/>
  <testcase name="appTests DOM node for book 102 should contain correct title" time="0" classname="appTests"/>
  <testcase name="appTests DOM node for book 102 should contain correct review data" time="0.002" classname="appTests"/>
  <testcase name="appTests BookWithReview object for book 102 should contain correct book data" time="0" classname="appTests"/>
  <testcase name="appTests BookWithReview object for book 102 should contain correct number of reviews" time="0" classname="appTests"/>
  <testcase name="appTests BookWithReview object for book 103 should contain correct book data" time="0.001" classname="appTests"/>
  <testcase name="appTests BookWithReview object for book 103 should contain correct number of reviews" time="0" classname="appTests"/>
  <testcase name="appTests displayBooks() should display 3 book nodes" time="0" classname="appTests"/>
  <testcase name="appTests parseBookData() should return 3 books" time="0.001" classname="appTests"/>
  <testcase name="appTests BookWithReview object for book 101 should contain correct number of reviews" time="0.001" classname="appTests"/>
  <testcase name="appTests BookWithReview object for book 101 should contain correct book data" time="0" classname="appTests"/>
  <testcase name="appTests DOM node for book 103 should contain correct number of reviews" time="0" classname="appTests"/>
  <testcase name="appTests DOM node for book 103 should contain correct title" time="0" classname="appTests"/>
  <testcase name="appTests DOM node for book 103 should contain correct review data" time="0" classname="appTests"/>
  <testcase name="appTests displayBooks() should not render ol when there are no books" time="0.002" classname="appTests"/>
  <testcase name="appTests displayBooks() should not render ul when there are no reviews for book" time="0" classname="appTests"/>
  <testcase name="appTests DOM node for book 101 should contain correct review data" time="0" classname="appTests"/>
  <testcase name="appTests DOM node for book 101 should contain correct number of reviews" time="0.001" classname="appTests"/>
  <testcase name="appTests DOM node for book 101 should contain correct title" time="0" classname="appTests"/>
  <system-out>
    <![CDATA[HeadlessChrome 0.0.0 (Linux 0.0.0) ERROR: 'DEPRECATION:', 'Setting specFilter directly on Env is deprecated, please use the specFilter option in `configure`'

]]>
  </system-out>
  <system-err/>
</testsuite>